===================== [value printing: strings] =====================
Assertion failed at integration/integration.cpp:1103: auto __cdecl test_class<int>::something_else::<lambda_6ce8831ca5e4376bdfc50d8bef4201bc>::operator ()(void) const:
    assert(s == "test");
    Where:
        s => "test\n"

Stack trace:
# 1 test_class<int>::something_else(test_class<int>*)
      at integration.cpp:1104
# 2 test_class<int>::something<N>(test_class<int>*, std::pair<N, int>)
      at integration.cpp:1005
# 3 main()
      at integration.cpp:403


Assertion failed at integration/integration.cpp:1104: auto __cdecl test_class<int>::something_else::<lambda_7dd797e2e8cb0ea9780c40a2c307fd84>::operator ()(void) const:
    assert(s[i] == 'c', ...);
    Where:
        s[i] => 't'
    Extra diagnostics:
        s => "test\n"
        i => 0

Stack trace:
# 1 test_class<int>::something_else(test_class<int>*)
      at integration.cpp:1105
# 2 test_class<int>::something<N>(test_class<int>*, std::pair<N, int>)
      at integration.cpp:1005
# 3 main()
      at integration.cpp:403


Assertion failed at integration/integration.cpp:1107: auto __cdecl test_class<int>::something_else::<lambda_49633656a352869acf2563cf64a3b7f4>::operator ()(void) const:
    assert(buffer == thing);
    Where:
        buffer => nullptr
        thing  => "foo"

Stack trace:
# 1 test_class<int>::something_else(test_class<int>*)
      at integration.cpp:1108
# 2 test_class<int>::something<N>(test_class<int>*, std::pair<N, int>)
      at integration.cpp:1005
# 3 main()
      at integration.cpp:403


Assertion failed at integration/integration.cpp:1108: auto __cdecl test_class<int>::something_else::<lambda_9870ae29c2d66bf956c86ccf005affd7>::operator ()(void) const:
    assert(buffer == +thing);
    Where:
        buffer => nullptr
        +thing => "foo"

Stack trace:
# 1 test_class<int>::something_else(test_class<int>*)
      at integration.cpp:1109
# 2 test_class<int>::something<N>(test_class<int>*, std::pair<N, int>)
      at integration.cpp:1005
# 3 main()
      at integration.cpp:403


Assertion failed at integration/integration.cpp:1110: auto __cdecl test_class<int>::something_else::<lambda_9d4505a95f2a2cd0e2273759cb7a6708>::operator ()(void) const:
    assert(s == sv);
    Where:
        s  => "test\n"
        sv => "foo"

Stack trace:
# 1 test_class<int>::something_else(test_class<int>*)
      at integration.cpp:1110
# 2 test_class<int>::something<N>(test_class<int>*, std::pair<N, int>)
      at integration.cpp:1005
# 3 main()
      at integration.cpp:403


===================== [value printing: pointers] =====================
Assertion failed at integration/integration.cpp:1201: auto __cdecl test_class<int>::something_else::<lambda_f256d43abcb7af12954d8bd6c2434083>::operator ()(void) const:
    assert((uintptr_t)-1 == 0xff);
    Where:
        (uintptr_t)-1 =>  18446744073709551615  0xffffffffffffffff
        0xff          =>  255                   0xff

Stack trace:
# 1 test_class<int>::something_else(test_class<int>*)
      at integration.cpp:1202
# 2 test_class<int>::something<N>(test_class<int>*, std::pair<N, int>)
      at integration.cpp:1005
# 3 main()
      at integration.cpp:403


Assertion failed at integration/integration.cpp:1202: auto __cdecl test_class<int>::something_else::<lambda_e68cfc678b2bb6820d3b8e26a94d72da>::operator ()(void) const:
    assert((uintptr_t)-1 == (uintptr_t)0xff);
    Where:
        (uintptr_t)-1   => 18446744073709551615
        (uintptr_t)0xff => 255

Stack trace:
# 1 test_class<int>::something_else(test_class<int>*)
      at integration.cpp:1203
# 2 test_class<int>::something<N>(test_class<int>*, std::pair<N, int>)
      at integration.cpp:1005
# 3 main()
      at integration.cpp:403


Assertion failed at integration/integration.cpp:1204: auto __cdecl test_class<int>::something_else::<lambda_a5ea618a29ad881963c37027212a4869>::operator ()(void) const:
    assert(foo == nullptr);
    Where:
        foo => 0xdeadbeef

Stack trace:
# 1 test_class<int>::something_else(test_class<int>*)
      at integration.cpp:1207
# 2 test_class<int>::something<N>(test_class<int>*, std::pair<N, int>)
      at integration.cpp:1005
# 3 main()
      at integration.cpp:403


===================== [value printing: number formats] =====================
Assertion failed at integration/integration.cpp:1303: auto __cdecl test_class<int>::something_else::<lambda_81424a2479d5698ab89920d4945c8cdd>::operator ()(void) const:
    assert(mask & flags);
    Where:
        mask  =>  405  0b0000000110010101
        flags =>  42   0b0000000000101010

Stack trace:
# 1 test_class<int>::something_else(test_class<int>*)
      at integration.cpp:1304
# 2 test_class<int>::something<N>(test_class<int>*, std::pair<N, int>)
      at integration.cpp:1005
# 3 main()
      at integration.cpp:403


Assertion failed at integration/integration.cpp:1304: auto __cdecl test_class<int>::something_else::<lambda_6a35b81227f6901a96bf812b31956e58>::operator ()(void) const:
    assert(0xf == 16);
    Where:
        0xf =>  15  0xf
        16  =>  16  0x10

Stack trace:
# 1 test_class<int>::something_else(test_class<int>*)
      at integration.cpp:1307
# 2 test_class<int>::something<N>(test_class<int>*, std::pair<N, int>)
      at integration.cpp:1005
# 3 main()
      at integration.cpp:403


===================== [value printing: floating point] =====================
Assertion failed at integration/integration.cpp:1401: auto __cdecl test_class<int>::something_else::<lambda_dd460fbc6bc8c9d134d8e7b8966df3d8>::operator ()(void) const:
    assert(1 == 1.5);

Stack trace:
# 1 test_class<int>::something_else(test_class<int>*)
      at integration.cpp:1402
# 2 test_class<int>::something<N>(test_class<int>*, std::pair<N, int>)
      at integration.cpp:1005
# 3 main()
      at integration.cpp:403


Assertion failed at integration/integration.cpp:1402: auto __cdecl test_class<int>::something_else::<lambda_b64d3de6b4ed91eb29d50e2babe5c2ad>::operator ()(void) const:
    assert(0.5 != .5);
    Where:
        .5 => 0.5

Stack trace:
# 1 test_class<int>::something_else(test_class<int>*)
      at integration.cpp:1403
# 2 test_class<int>::something<N>(test_class<int>*, std::pair<N, int>)
      at integration.cpp:1005
# 3 main()
      at integration.cpp:403


Assertion failed at integration/integration.cpp:1403: auto __cdecl test_class<int>::something_else::<lambda_e33618203ee18917f65c9f91a08ea527>::operator ()(void) const:
    assert(0.1 + 0.2 == 0.3);
    Where:
        0.1 + 0.2 => 0.30000000000000004
        0.3       => 0.29999999999999999

Stack trace:
# 1 test_class<int>::something_else(test_class<int>*)
      at integration.cpp:1404
# 2 test_class<int>::something<N>(test_class<int>*, std::pair<N, int>)
      at integration.cpp:1005
# 3 main()
      at integration.cpp:403


Verification failed at integration/integration.cpp:1404: auto __cdecl test_class<int>::something_else::<lambda_f89922eeb63f5b30b6d3bcc8341b47e2>::operator ()(void) const:
    VERIFY(.1 + .2 == .3);
    Where:
        .1 + .2 => 0.30000000000000004
        .3      => 0.29999999999999999

Stack trace:
# 1 test_class<int>::something_else(test_class<int>*)
      at integration.cpp:1405
# 2 test_class<int>::something<N>(test_class<int>*, std::pair<N, int>)
      at integration.cpp:1005
# 3 main()
      at integration.cpp:403


Assertion failed at integration/integration.cpp:1407: auto __cdecl test_class<int>::something_else::<lambda_d569b438c21c6b75da72110b2b682b81>::operator ()(void) const:
    assert(ff == .1);
    Where:
        ff => 0.100000001
        .1 => 0.10000000000000001

Stack trace:
# 1 test_class<int>::something_else(test_class<int>*)
      at integration.cpp:1408
# 2 test_class<int>::something<N>(test_class<int>*, std::pair<N, int>)
      at integration.cpp:1005
# 3 main()
      at integration.cpp:403


Assertion failed at integration/integration.cpp:1408: auto __cdecl test_class<int>::something_else::<lambda_73158f3acc218bb7ef0ad046a1044d90>::operator ()(void) const:
    assert(.1f == .1);
    Where:
        .1f => 0.100000001
        .1  => 0.10000000000000001

Stack trace:
# 1 test_class<int>::something_else(test_class<int>*)
      at integration.cpp:1411
# 2 test_class<int>::something<N>(test_class<int>*, std::pair<N, int>)
      at integration.cpp:1005
# 3 main()
      at integration.cpp:403


===================== [value printing: ostream overloads] =====================
Assertion failed at integration/integration.cpp:1502: auto __cdecl test_class<int>::something_else::<lambda_c33929e74ade20576bfaaf12384c392d>::operator ()(void) const:
    assert(p == printable{2.55});
    Where:
        p               => (printable = 1.42)
        printable{2.55} => (printable = 2.55)

Stack trace:
# 1 test_class<int>::something_else(test_class<int>*)
      at integration.cpp:1505
# 2 test_class<int>::something<N>(test_class<int>*, std::pair<N, int>)
      at integration.cpp:1005
# 3 main()
      at integration.cpp:403


===================== [value printing: no ostream overload] =====================
Assertion failed at integration/integration.cpp:1602: auto __cdecl test_class<int>::something_else::<lambda_dc9abd4d8b3e5210a41e3bfa9274b3b1>::operator ()(void) const:
    assert(p == not_printable{2.55});
    Where:
        p                   => <instance of struct not_printable<double>>
        not_printable{2.55} => <instance of struct not_printable<double>>

Stack trace:
# 1 test_class<int>::something_else(test_class<int>*)
      at integration.cpp:1603
# 2 test_class<int>::something<N>(test_class<int>*, std::pair<N, int>)
      at integration.cpp:1005
# 3 main()
      at integration.cpp:403


Assertion failed at integration/integration.cpp:1603: auto __cdecl test_class<int>::something_else::<lambda_f89f7043635a52b15935bb4cb8bc321b>::operator ()(void) const:
    assert(p.f == not_printable{2.55}.f);
    Where:
        p.f                   => <instance of class std::optional<double>>
        not_printable{2.55}.f => <instance of class std::optional<double>>

Stack trace:
# 1 test_class<int>::something_else(test_class<int>*)
      at integration.cpp:1607
# 2 test_class<int>::something<N>(test_class<int>*, std::pair<N, int>)
      at integration.cpp:1005
# 3 main()
      at integration.cpp:403


===================== [optional messages] =====================
Assertion failed at integration/integration.cpp:1701: auto __cdecl test_class<int>::something_else::<lambda_9e6737f325900f3d9fa8f8d6218e90d1>::operator ()(void) const:
    assert(false, ...);
    Extra diagnostics:
        2 => 2

Stack trace:
# 1 test_class<int>::something_else(std::pair<N, int>*)
      at integration.cpp:1702
# 2 test_class<int>::something<N>(std::pair<N, int>*, std::pair<N, int>)
      at integration.cpp:1005
# 3 main()
      at integration.cpp:403


Assertion failed at integration/integration.cpp:1702: auto __cdecl test_class<int>::something_else::<lambda_b68636111e476954bace9287883212f7>::operator ()(void) const: foo
    assert(false, ...);

Stack trace:
# 1 test_class<int>::something_else(std::pair<N, int>*)
      at integration.cpp:1703
# 2 test_class<int>::something<N>(std::pair<N, int>*, std::pair<N, int>)
      at integration.cpp:1005
# 3 main()
      at integration.cpp:403


Assertion failed at integration/integration.cpp:1703: auto __cdecl test_class<int>::something_else::<lambda_4afb245bc3a3ca26354fa00289891095>::operator ()(void) const: foo
    assert(false, ...);

Stack trace:
# 1 test_class<int>::something_else(std::pair<N, int>*)
      at integration.cpp:1703
# 2 test_class<int>::something<N>(std::pair<N, int>*, std::pair<N, int>)
      at integration.cpp:1005
# 3 main()
      at integration.cpp:403


Assertion failed at integration/integration.cpp:1704: auto __cdecl test_class<int>::something_else::<lambda_5546d91a0a9f50251389654741fbd611>::operator ()(void) const: foo
    assert(false, ...);

Stack trace:
# 1 test_class<int>::something_else(std::pair<N, int>*)
      at integration.cpp:1705
# 2 test_class<int>::something<N>(std::pair<N, int>*, std::pair<N, int>)
      at integration.cpp:1005
# 3 main()
      at integration.cpp:403


Assertion failed at integration/integration.cpp:1705: auto __cdecl test_class<int>::something_else::<lambda_73aa93f65bd5c9a840e13400edcf40a8>::operator ()(void) const: foo
    assert(false, ...);

Stack trace:
# 1 test_class<int>::something_else(std::pair<N, int>*)
      at integration.cpp:1706
# 2 test_class<int>::something<N>(std::pair<N, int>*, std::pair<N, int>)
      at integration.cpp:1005
# 3 main()
      at integration.cpp:403


Assertion failed at integration/integration.cpp:1706: auto __cdecl test_class<int>::something_else::<lambda_84f7ee749797cc529a3b971ad92df3b7>::operator ()(void) const: foo
    assert(false, ...);
    Extra diagnostics:
        2 => 2

Stack trace:
# 1 test_class<int>::something_else(std::pair<N, int>)
      at integration.cpp:1707
# 2 test_class<int>::something<N>(std::pair<N, int>, std::pair<N, int>)
      at integration.cpp:1005
# 3 main()
      at integration.cpp:403


Assertion failed at integration/integration.cpp:1707: auto __cdecl test_class<int>::something_else::<lambda_72ef6c3130b7e5f17df6c97776fa5942>::operator ()(void) const: foo
    assert(false, ...);
    Extra diagnostics:
        2 => 2

Stack trace:
# 1 test_class<int>::something_else(std::pair<N, int>)
      at integration.cpp:1707
# 2 test_class<int>::something<N>(std::pair<N, int>, std::pair<N, int>)
      at integration.cpp:1005
# 3 main()
      at integration.cpp:403


Assertion failed at integration/integration.cpp:1708: auto __cdecl test_class<int>::something_else::<lambda_89790f07db9661ed27c2b03775bf6d0d>::operator ()(void) const: foo
    assert(false, ...);
    Extra diagnostics:
        2 => 2

Stack trace:
# 1 test_class<int>::something_else(std::pair<N, int>)
      at integration.cpp:1709
# 2 test_class<int>::something<N>(std::pair<N, int>, std::pair<N, int>)
      at integration.cpp:1005
# 3 main()
      at integration.cpp:403


Assertion failed at integration/integration.cpp:1709: auto __cdecl test_class<int>::something_else::<lambda_678917612e6cd848cffb1948a9a82375>::operator ()(void) const: foo
    assert(false, ...);
    Extra diagnostics:
        2 => 2

Stack trace:
# 1 test_class<int>::something_else(std::pair<N, int>)
      at integration.cpp:1712
# 2 test_class<int>::something<N>(std::pair<N, int>, std::pair<N, int>)
      at integration.cpp:1005
# 3 main()
      at integration.cpp:403


===================== [errno] =====================
Assertion failed at integration/integration.cpp:1802: auto __cdecl test_class<int>::something_else::<lambda_475846c0701435ac10622514f58f0100>::operator ()(void) const:
    assert(false, ...);
    Extra diagnostics:
        errno =>  2 "No such file or directory"

Stack trace:
# 1 test_class<int>::something_else(std::pair<N, int>*)
      at integration.cpp:1803
# 2 test_class<int>::something<N>(std::pair<N, int>*, std::pair<N, int>)
      at integration.cpp:1005
# 3 main()
      at integration.cpp:403


Assertion failed at integration/integration.cpp:1804: auto __cdecl test_class<int>::something_else::<lambda_890ce5eb7ced6db60ce487bb1cc78703>::operator ()(void) const: foo
    assert(false, ...);
    Extra diagnostics:
        errno =>  2 "No such file or directory"

Stack trace:
# 1 test_class<int>::something_else(std::pair<N, int>)
      at integration.cpp:1807
# 2 test_class<int>::something<N>(std::pair<N, int>, std::pair<N, int>)
      at integration.cpp:1005
# 3 main()
      at integration.cpp:403


===================== [general] =====================
bar() called
foo() called
Assertion failed at integration/integration.cpp:1901: auto __cdecl test_class<int>::something_else::<lambda_5b31d620b1a6d7ef86fd74a41ea4433e>::operator ()(void) const: foo
    assert(false, ...);
    Extra diagnostics:
        false           => false
        2 * foo()       => 4
        "foobar"sv      => "foobar"
        bar()           => -2
        printable{2.55} => (printable = 2.55)

Stack trace:
# 1 test_class<int>::something_else(test_class<int>*)
      at integration.cpp:1904
# 2 test_class<int>::something<N>(test_class<int>*, std::pair<N, int>)
      at integration.cpp:1005
# 3 main()
      at integration.cpp:403


===================== [safe comparisons] =====================
Assertion failed at integration/integration.cpp:2001: auto __cdecl test_class<int>::something_else::<lambda_e68cc105380e39dc5a4d344bfd6100e2>::operator ()(void) const:
    assert(18446744073709551606ULL == -10);

Stack trace:
# 1 test_class<int>::something_else(test_class<int>*)
      at integration.cpp:2002
# 2 test_class<int>::something<N>(test_class<int>*, std::pair<N, int>)
      at integration.cpp:1005
# 3 main()
      at integration.cpp:403


Assertion failed at integration/integration.cpp:2002: auto __cdecl test_class<int>::something_else::<lambda_33a5899b96737fc2b99f5dd65931849c>::operator ()(void) const:
    assert(-1 > 1U);

Stack trace:
# 1 test_class<int>::something_else(test_class<int>*)
      at integration.cpp:2006
# 2 test_class<int>::something<N>(test_class<int>*, std::pair<N, int>)
      at integration.cpp:1005
# 3 main()
      at integration.cpp:403


===================== [expression decomposition] =====================
Assertion failed at integration/integration.cpp:2102: auto __cdecl test_class<int>::something_else::<lambda_6df7cc969f4020a0ea3f8e5a34bcb971>::operator ()(void) const:
    assert(1 == (1 & 2));
    Where:
        (1 & 2) => 0

Stack trace:
# 1 test_class<int>::something_else(test_class<int>*)
      at integration.cpp:2103
# 2 test_class<int>::something<N>(test_class<int>*, std::pair<N, int>)
      at integration.cpp:1005
# 3 main()
      at integration.cpp:403


Assertion failed at integration/integration.cpp:2103: auto __cdecl test_class<int>::something_else::<lambda_eec5a1d927364da456a349f813e4d752>::operator ()(void) const:
    assert(1 < 1 < 0);
    Where:
        1 < 1 => false

Stack trace:
# 1 test_class<int>::something_else(test_class<int>*)
      at integration.cpp:2104
# 2 test_class<int>::something<N>(test_class<int>*, std::pair<N, int>)
      at integration.cpp:1005
# 3 main()
      at integration.cpp:403


Assertion failed at integration/integration.cpp:2104: auto __cdecl test_class<int>::something_else::<lambda_9d3f24f5100d4464a5ba31b939137df9>::operator ()(void) const:
    assert(0 + 0 + 0);

Stack trace:
# 1 test_class<int>::something_else(test_class<int>*)
      at integration.cpp:2105
# 2 test_class<int>::something<N>(test_class<int>*, std::pair<N, int>)
      at integration.cpp:1005
# 3 main()
      at integration.cpp:403


Assertion failed at integration/integration.cpp:2105: auto __cdecl test_class<int>::something_else::<lambda_6c426739d8d417608623e285c8dec592>::operator ()(void) const:
    assert(false == false == false);
    Where:
        false == false => true

Stack trace:
# 1 test_class<int>::something_else(test_class<int>*)
      at integration.cpp:2106
# 2 test_class<int>::something<N>(test_class<int>*, std::pair<N, int>)
      at integration.cpp:1005
# 3 main()
      at integration.cpp:403


Assertion failed at integration/integration.cpp:2106: auto __cdecl test_class<int>::something_else::<lambda_d639a6fee36cb7fe35a723d5b871c6d3>::operator ()(void) const:
    assert(1 << 1 == 200);
    Where:
        1 << 1 => 2

Stack trace:
# 1 test_class<int>::something_else(test_class<int>*)
      at integration.cpp:2107
# 2 test_class<int>::something<N>(test_class<int>*, std::pair<N, int>)
      at integration.cpp:1005
# 3 main()
      at integration.cpp:403


Assertion failed at integration/integration.cpp:2107: auto __cdecl test_class<int>::something_else::<lambda_7c3af601f0d3a450d21bb565fc2c725d>::operator ()(void) const:
    assert(1 << 1 << 31);
    Where:
        1 << 1 => 2

Stack trace:
# 1 test_class<int>::something_else(test_class<int>*)
      at integration.cpp:2108
# 2 test_class<int>::something<N>(test_class<int>*, std::pair<N, int>)
      at integration.cpp:1005
# 3 main()
      at integration.cpp:403


Assertion failed at integration/integration.cpp:2109: auto __cdecl test_class<int>::something_else::<lambda_864f705166648185bcbd03dda9f6a030>::operator ()(void) const:
    assert(x -= 2);
    Where:
        x => 0

Stack trace:
# 1 test_class<int>::something_else(test_class<int>*)
      at integration.cpp:2110
# 2 test_class<int>::something<N>(test_class<int>*, std::pair<N, int>)
      at integration.cpp:1005
# 3 main()
      at integration.cpp:403


Assertion failed at integration/integration.cpp:2111: auto __cdecl test_class<int>::something_else::<lambda_58210ef0aef6a3eed14aebf07687a432>::operator ()(void) const:
    assert(x -= x -= 1);
    Where:
        x      => 0
        x -= 1 => 0

Stack trace:
# 1 test_class<int>::something_else(test_class<int>*)
      at integration.cpp:2112
# 2 test_class<int>::something<N>(test_class<int>*, std::pair<N, int>)
      at integration.cpp:1005
# 3 main()
      at integration.cpp:403


Assertion failed at integration/integration.cpp:2113: auto __cdecl test_class<int>::something_else::<lambda_b6a0fae1162a18ae31a103e840528616>::operator ()(void) const:
    assert(x -= x -= x -= 1);
    Where:
        x           => 0
        x -= x -= 1 => 0

Stack trace:
# 1 test_class<int>::something_else(test_class<int>*)
      at integration.cpp:2114
# 2 test_class<int>::something<N>(test_class<int>*, std::pair<N, int>)
      at integration.cpp:1005
# 3 main()
      at integration.cpp:403


Assertion failed at integration/integration.cpp:2114: auto __cdecl test_class<int>::something_else::<lambda_3982c4357d2398a88da4667f18bca310>::operator ()(void) const: pffft
    assert(true ? false : true, ...);

Stack trace:
# 1 test_class<int>::something_else(std::pair<N, int>*)
      at integration.cpp:2117
# 2 test_class<int>::something<N>(std::pair<N, int>*, std::pair<N, int>)
      at integration.cpp:1005
# 3 main()
      at integration.cpp:403


===================== [ensure values are only computed once] =====================
foo() called
bar() called
Assertion failed at integration/integration.cpp:2201: auto __cdecl test_class<int>::something_else::<lambda_734044a4348ec3bd129f99916585a7fe>::operator ()(void) const:
    assert(foo() < bar());
    Where:
        foo() => 2
        bar() => -2

Stack trace:
# 1 test_class<int>::something_else(test_class<int>*)
      at integration.cpp:2204
# 2 test_class<int>::something<N>(test_class<int>*, std::pair<N, int>)
      at integration.cpp:1005
# 3 main()
      at integration.cpp:403


===================== [value forwarding: copy / moves] =====================
logger_type::logger_type() [n=1]
logger_type::logger_type() [n=2]
logger_type::operator==(const logger_type&) [n=1, other=2]
Assertion failed at integration/integration.cpp:2304: auto __cdecl test_class<int>::something_else::<lambda_799d093708e4422a40dffcdd692ddc08>::operator ()(void) const:
    assert(lt1 == lt2);
    Where:
        lt1 => logger_type [n = 1]
        lt2 => logger_type [n = 2]

Stack trace:
# 1 test_class<int>::something_else(test_class<int>*)
      at integration.cpp:2304
# 2 test_class<int>::something<N>(test_class<int>*, std::pair<N, int>)
      at integration.cpp:1005
# 3 main()
      at integration.cpp:403


logger_type::compl logger_type() [n=2]
logger_type::compl logger_type() [n=1]
--------------------------------------------

logger_type::logger_type() [n=2]
logger_type::logger_type(logger_type&&) [n=2]
logger_type::compl logger_type() [n=-2]
logger_type::operator==(int, const logger_type&) [b=1, n=2]
logger_type::logger_type(logger_type&&) [n=2]
Assertion failed at integration/integration.cpp:2308: auto __cdecl test_class<int>::something_else::<lambda_4cef7efbb8fab0353752c0b1f8a367ac>::operator ()(void) const:
    assert(1 == logger_type(2));
    Where:
        logger_type(2) => logger_type [n = 2]

Stack trace:
# 1 test_class<int>::something_else(test_class<int>*)
      at integration.cpp:2310
# 2 test_class<int>::something<N>(test_class<int>*, std::pair<N, int>)
      at integration.cpp:1005
# 3 main()
      at integration.cpp:403


logger_type::logger_type(logger_type&&) [n=2]
logger_type::compl logger_type() [n=-2]
logger_type::compl logger_type() [n=-2]
logger_type::logger_type(logger_type&&) [n=2]
logger_type::compl logger_type() [n=-2]
logger_type::compl logger_type() [n=2]
--------------------------------------------

logger_type::logger_type() [n=1]
logger_type::logger_type(logger_type&&) [n=1]
logger_type::logger_type(logger_type&&) [n=1]
logger_type::compl logger_type() [n=-2]
logger_type::compl logger_type() [n=-2]
logger_type::operator==(const logger_type&, int) [n=1, b=2]
logger_type::logger_type(logger_type&&) [n=1]
Assertion failed at integration/integration.cpp:2312: auto __cdecl test_class<int>::something_else::<lambda_6c89c2428bf1d15afcf1214741506637>::operator ()(void) const:
    assert(logger_type(1) == 2);
    Where:
        logger_type(1) => logger_type [n = 1]

Stack trace:
# 1 test_class<int>::something_else(test_class<int>*)
      at integration.cpp:2312
# 2 test_class<int>::something<N>(test_class<int>*, std::pair<N, int>)
      at integration.cpp:1005
# 3 main()
      at integration.cpp:403


logger_type::logger_type(logger_type&&) [n=1]
logger_type::compl logger_type() [n=-2]
logger_type::compl logger_type() [n=-2]
logger_type::logger_type(logger_type&&) [n=1]
logger_type::compl logger_type() [n=-2]
logger_type::logger_type(logger_type&&) [n=1]
logger_type::compl logger_type() [n=-2]
logger_type::compl logger_type() [n=1]
--------------------------------------------

logger_type::logger_type() [n=1]
logger_type::logger_type(logger_type&&) [n=1]
logger_type::logger_type() [n=2]
logger_type::logger_type(logger_type&&) [n=1]
logger_type::logger_type(logger_type&&) [n=2]
logger_type::compl logger_type() [n=-2]
logger_type::compl logger_type() [n=-2]
logger_type::compl logger_type() [n=-2]
logger_type::operator==(const logger_type&) [n=1, other=2]
logger_type::logger_type(logger_type&&) [n=1]
logger_type::logger_type(logger_type&&) [n=2]
Assertion failed at integration/integration.cpp:2316: auto __cdecl test_class<int>::something_else::<lambda_b67a191c39c649a4ace23815955aeacc>::operator ()(void) const:
    assert(logger_type(1) == logger_type(2));
    Where:
        logger_type(1) => logger_type [n = 1]
        logger_type(2) => logger_type [n = 2]

Stack trace:
# 1 test_class<int>::something_else(test_class<int>*)
      at integration.cpp:2316
# 2 test_class<int>::something<N>(test_class<int>*, std::pair<N, int>)
      at integration.cpp:1005
# 3 main()
      at integration.cpp:403


logger_type::logger_type(logger_type&&) [n=1]
logger_type::logger_type(logger_type&&) [n=2]
logger_type::compl logger_type() [n=-2]
logger_type::compl logger_type() [n=-2]
logger_type::compl logger_type() [n=-2]
logger_type::compl logger_type() [n=-2]
logger_type::logger_type(logger_type&&) [n=1]
logger_type::logger_type(logger_type&&) [n=2]
logger_type::compl logger_type() [n=-2]
logger_type::compl logger_type() [n=-2]
logger_type::logger_type(logger_type&&) [n=1]
logger_type::compl logger_type() [n=2]
logger_type::compl logger_type() [n=-2]
Verification failed at integration/integration.cpp:2317: auto __cdecl test_class<int>::something_else::<lambda_c2e30a142e2b0e153db59b76c5cfc854>::operator ()(void) const:
    VERIFY(!(std::is_same<decltype(r), logger_type>::value));

Stack trace:
# 1 test_class<int>::something_else(test_class<int>*)
      at integration.cpp:2318
# 2 test_class<int>::something<N>(test_class<int>*, std::pair<N, int>)
      at integration.cpp:1005
# 3 main()
      at integration.cpp:403


Verification failed at integration/integration.cpp:2318: auto __cdecl test_class<int>::something_else::<lambda_314050e732871e9baf13ffff796c5520>::operator ()(void) const:
    VERIFY(r.n != 1);
    Where:
        r.n => 1

Stack trace:
# 1 test_class<int>::something_else(test_class<int>*)
      at integration.cpp:2318
# 2 test_class<int>::something<N>(test_class<int>*, std::pair<N, int>)
      at integration.cpp:1005
# 3 main()
      at integration.cpp:403


logger_type::compl logger_type() [n=1]
--------------------------------------------

===================== [value forwarding: lvalue references] =====================
logger_type::logger_type() [n=2]
logger_type::operator==(const logger_type&, int) [n=2, b=2]
Assertion failed at integration/integration.cpp:2804: auto __cdecl test_class<int>::get_lt_a::<lambda_bc31aa4fad8716c56c0a9aa5a737cd9f>::operator ()(void) const:
    assert(l == 2);
    Where:
        l => logger_type [n = 2]

Stack trace:
# 1 test_class<int>::get_lt_a(test_class<int>*, test_class<int>*)
      at integration.cpp:2805
# 2 test_class<int>::something_else(test_class<int>*)
      at integration.cpp:2403
# 3 test_class<int>::something<N>(test_class<int>*, std::pair<N, int>)
      at integration.cpp:1005
# 4 main()
      at integration.cpp:403


logger_type::operator==(const logger_type&, int) [n=3, b=1]
Assertion failed at integration/integration.cpp:2405: auto __cdecl test_class<int>::something_else::<lambda_781d2988b77e3ecf5de9fb47130a932c>::operator ()(void) const:
    assert(lt == 1);
    Where:
        lt => logger_type [n = 3]

Stack trace:
# 1 test_class<int>::something_else(test_class<int>*)
      at integration.cpp:2406
# 2 test_class<int>::something<N>(test_class<int>*, std::pair<N, int>)
      at integration.cpp:1005
# 3 main()
      at integration.cpp:403


logger_type::operator==(const logger_type&, int) [n=3, b=1]
Assertion failed at integration/integration.cpp:2406: auto __cdecl test_class<int>::something_else::<lambda_6387781040d4e01e9d2300df5ff72a56>::operator ()(void) const:
    assert(x == 1);
    Where:
        x => logger_type [n = 3]

Stack trace:
# 1 test_class<int>::something_else(test_class<int>*)
      at integration.cpp:2406
# 2 test_class<int>::something<N>(test_class<int>*, std::pair<N, int>)
      at integration.cpp:1005
# 3 main()
      at integration.cpp:403


logger_type::compl logger_type() [n=3]
--------------------------------------------

Assertion failed at integration/integration.cpp:2411: auto __cdecl test_class<int>::something_else::<lambda_db1275f4f2d4a2c7c3f4541637585eed>::operator ()(void) const:
    assert(x ^= 1);
    Where:
        x =>  0  0b00000000000000000000000000000000
        1 =>  1  0b00000000000000000000000000000001

Stack trace:
# 1 test_class<int>::something_else(test_class<int>*)
      at integration.cpp:2417
# 2 test_class<int>::something<N>(test_class<int>*, std::pair<N, int>)
      at integration.cpp:1005
# 3 main()
      at integration.cpp:403


===================== [value forwarding: rvalues] =====================
logger_type::logger_type() [n=2]
logger_type::logger_type(logger_type&&) [n=2]
logger_type::logger_type(logger_type&&) [n=2]
logger_type::compl logger_type() [n=-2]
logger_type::compl logger_type() [n=-2]
logger_type::operator==(const logger_type&, int) [n=2, b=2]
logger_type::logger_type(logger_type&&) [n=2]
Assertion failed at integration/integration.cpp:2808: auto __cdecl test_class<int>::get_lt_b::<lambda_781a0e5127819082d394c1eae94b6f28>::operator ()(void) const:
    assert(logger_type(2) == 2);
    Where:
        logger_type(2) => logger_type [n = 2]

Stack trace:
# 1 test_class<int>::get_lt_b(test_class<int>*)
      at integration.cpp:2808
# 2 test_class<int>::something_else(test_class<int>*)
      at integration.cpp:2502
# 3 test_class<int>::something<N>(test_class<int>*, std::pair<N, int>)
      at integration.cpp:1005
# 4 main()
      at integration.cpp:403


logger_type::logger_type(logger_type&&) [n=2]
logger_type::compl logger_type() [n=-2]
logger_type::compl logger_type() [n=-2]
logger_type::logger_type(logger_type&&) [n=2]
logger_type::compl logger_type() [n=-2]
logger_type::logger_type(logger_type&&) [n=2]
logger_type::compl logger_type() [n=-2]
Assertion failed at integration/integration.cpp:2503: auto __cdecl test_class<int>::something_else::<lambda_39bc5bbd1c27c7b795754e47c870b331>::operator ()(void) const:
    assert(false, ...);
    Extra diagnostics:
        x => logger_type [n = 2]

Stack trace:
# 1 test_class<int>::something_else(std::pair<N, int>*)
      at integration.cpp:2503
# 2 test_class<int>::something<N>(std::pair<N, int>*, std::pair<N, int>)
      at integration.cpp:1005
# 3 main()
      at integration.cpp:403


logger_type::compl logger_type() [n=2]
--------------------------------------------

===================== [simple recursion] =====================
Assertion failed at integration/integration.cpp:501: auto __cdecl rec::<lambda_e57fd9080003be6eccdd0af9bffa33fd>::operator ()(void) const:
    assert(false);

Stack trace:
# 1 rec(test_class<int>*)
      at integration.cpp:501
# 2 rec(test_class<int>*)
      at integration.cpp:503
|                                   |
| 8 layers of recursion were folded |
|                                   |
#11 rec(test_class<int>*)
      at integration.cpp:503
#12 test_class<int>::something_else(std::pair<N, int>*)
      at integration.cpp:2602
#13 test_class<int>::something<N>(std::pair<N, int>*, std::pair<N, int>)
      at integration.cpp:1005
#14 main()
      at integration.cpp:403


===================== [other recursion] =====================
Assertion failed at integration/integration.cpp:508: auto __cdecl recursive_a::<lambda_84a3a9b93679fc21a0b4a172da90f893>::operator ()(void) const:
    assert(false);

Stack trace:
# 1 recursive_a(test_class<int>*)
      at integration.cpp:508
# 2 recursive_b(test_class<int>*)
      at integration.cpp:515
# 3 recursive_a(test_class<int>*)
      at integration.cpp:510
# 4 recursive_b(test_class<int>*)
      at integration.cpp:515
# 5 recursive_a(test_class<int>*)
      at integration.cpp:510
# 6 recursive_b(test_class<int>*)
      at integration.cpp:515
# 7 recursive_a(test_class<int>*)
      at integration.cpp:510
# 8 recursive_b(test_class<int>*)
      at integration.cpp:515
# 9 recursive_a(test_class<int>*)
      at integration.cpp:510
#10 recursive_b(test_class<int>*)
      at integration.cpp:515
#11 recursive_a(test_class<int>*)
      at integration.cpp:510
#12 test_class<int>::something_else(std::pair<N, int>)
      at integration.cpp:2703
#13 test_class<int>::something<N>(std::pair<N, int>, std::pair<N, int>)
      at integration.cpp:1005
#14 main()
      at integration.cpp:403


===================== [Path differentiation] =====================
Assertion failed at integration/x/a.cpp:5: auto __cdecl test_path_differentiation_2::<lambda_9e25010e23ef8ea751baae6bfd060548>::operator ()(void) const:
    assert(false);

Stack trace:
# 1 test_path_differentiation_2()
      at x/a.cpp:6
# 2 test_path_differentiation()
      at integration/a.cpp:8
# 3 test_class<int>::something_else(std::pair<N, int>)
      at integration.cpp:2801
# 4 test_class<int>::something<N>(std::pair<N, int>, std::pair<N, int>)
      at integration.cpp:1005
# 5 main()
      at integration.cpp:403


